{"t_ms":1790724683618,"who":"A","ev":"start","d":{"myPub":"c0af47c9f4f27ec06a9ca8f56ab248ae790bc3e2169329076d614102347aca5a","peerPub":"2a891a46073422b0470f00c2aa53cd90b33ca824553876de4236e2cd2587673f","game":"spike-945fc109de1b","role":"first","kind":9999,"replay":false,"resumedFromState":false,"Applied":0,"Published":0,"MaxCreatedAt":0}}
{"t_ms":1790724683753,"who":"A","ev":"relay-connected","d":{"url":"wss://nos.lol","ms":111,"attempt":0}}
{"t_ms":1790724683756,"who":"A","ev":"REQ-sent","d":{"url":"wss://nos.lol","since":1790724623}}
{"t_ms":1790724683772,"who":"A","ev":"EOSE","d":{"url":"wss://nos.lol"}}
{"t_ms":1790724684040,"who":"A","ev":"PUBLISHED","d":{"turn":1,"id":"1e9f306bed7a69a0b14b9e710489051cccca7b99697a77bac2fe9e15b54b89b1","kind":9999,"relaysTried":1,"bytes":905,"ok_ms":70,"results":["ok:true:"]}}
{"t_ms":1790724684043,"who":"A","ev":"APPLIED","d":{"turn":1,"hash":"fca266127b82","by":"me"}}
{"t_ms":1790724684844,"who":"A","ev":"RECV","d":{"relay":"wss://nos.lol","turn":2,"id":"3f1115276c7d","latency_ms":463,"created_at":1790724684,"expected_next":2}}
{"t_ms":1790724684847,"who":"A","ev":"APPLIED","d":{"turn":2,"hash":"5f7746cc6a1f","by":"peer"}}
{"t_ms":1790724685177,"who":"A","ev":"PUBLISHED","d":{"turn":3,"id":"a9dbd64db771a009934b39314ce1f4af0adfcb1eeecb6ce250ccd5bb91f0a897","kind":9999,"relaysTried":1,"bytes":989,"ok_ms":19,"results":["ok:true:"]}}
{"t_ms":1790724685178,"who":"A","ev":"APPLIED","d":{"turn":3,"hash":"6db611eefe28","by":"me"}}
{"t_ms":1790724685646,"who":"A","ev":"RECV","d":{"relay":"wss://nos.lol","turn":4,"id":"273835b3c49e","latency_ms":129,"created_at":1790724685,"expected_next":4}}
{"t_ms":1790724685646,"who":"A","ev":"APPLIED","d":{"turn":4,"hash":"84e39aa0b3e0","by":"peer"}}
{"t_ms":1790724685977,"who":"A","ev":"PUBLISHED","d":{"turn":5,"id":"04568090db011299e06ae2ddfb70950a0f9699f3200bc9f303579c2763e2935c","kind":9999,"relaysTried":1,"bytes":989,"ok_ms":25,"results":["ok:true:"]}}
{"t_ms":1790724685977,"who":"A","ev":"APPLIED","d":{"turn":5,"hash":"fd4f7d70beca","by":"me"}}
{"t_ms":1790724692435,"who":"A","ev":"RECV","d":{"relay":"wss://nos.lol","turn":6,"id":"023ddde7f4da","latency_ms":130,"created_at":1790724692,"expected_next":6}}
{"t_ms":1790724692435,"who":"A","ev":"APPLIED","d":{"turn":6,"hash":"5545ef8e5963","by":"peer"}}
{"t_ms":1790724692761,"who":"A","ev":"PUBLISHED","d":{"turn":7,"id":"5ec18539f2051acb69ae97d96ec1248912e30979c728e39dff51572551d68d76","kind":9999,"relaysTried":1,"bytes":989,"ok_ms":19,"results":["ok:true:"]}}
{"t_ms":1790724692761,"who":"A","ev":"APPLIED","d":{"turn":7,"hash":"fe003e8b8af6","by":"me"}}
{"t_ms":1790724693233,"who":"A","ev":"RECV","d":{"relay":"wss://nos.lol","turn":8,"id":"2d5681a92879","latency_ms":119,"created_at":1790724693,"expected_next":8}}
{"t_ms":1790724693233,"who":"A","ev":"APPLIED","d":{"turn":8,"hash":"d7b49b20b2ca","by":"peer"}}
{"t_ms":1790724693602,"who":"A","ev":"PUBLISHED","d":{"turn":9,"id":"347ad0d659c400854c4009d1e0906e3c84aa012b25d1f0f0120f41f18e046678","kind":9999,"relaysTried":1,"bytes":989,"ok_ms":53,"results":["ok:true:"]}}
{"t_ms":1790724693603,"who":"A","ev":"APPLIED","d":{"turn":9,"hash":"7af812500dbd","by":"me"}}
{"t_ms":1790724694139,"who":"A","ev":"RECV","d":{"relay":"wss://nos.lol","turn":10,"id":"c31314d56f98","latency_ms":122,"created_at":1790724694,"expected_next":10}}
{"t_ms":1790724694139,"who":"A","ev":"APPLIED","d":{"turn":10,"hash":"5a3e9609a4ae","by":"peer"}}
{"t_ms":1790724694473,"who":"A","ev":"PUBLISHED","d":{"turn":11,"id":"a1955cb53557959c0e57b161e965d3923af29a40c6f7ba71e19cf8b04a09ad7f","kind":9999,"relaysTried":1,"bytes":1078,"ok_ms":19,"results":["ok:true:"]}}
{"t_ms":1790724694473,"who":"A","ev":"APPLIED","d":{"turn":11,"hash":"6cb6d39521c8","by":"me"}}
{"t_ms":1790724694902,"who":"A","ev":"RECV","d":{"relay":"wss://nos.lol","turn":12,"id":"250b97b4d8e8","latency_ms":60,"created_at":1790724694,"expected_next":12}}
{"t_ms":1790724694903,"who":"A","ev":"APPLIED","d":{"turn":12,"hash":"20b8899be558","by":"peer"}}
{"t_ms":1790724694903,"who":"A","ev":"DONE","d":{"Applied":12,"Published":11,"finalHash":"20b8899be55873d2ec8a1886edfb71fbf8256a5c3cc90c5d4d1643bc27da4bb0","arrivalOutOfOrder":0,"dupes":0,"dropped":0}}
