{"t_ms":1790724683620,"who":"B","ev":"start","d":{"myPub":"2a891a46073422b0470f00c2aa53cd90b33ca824553876de4236e2cd2587673f","peerPub":"c0af47c9f4f27ec06a9ca8f56ab248ae790bc3e2169329076d614102347aca5a","game":"spike-945fc109de1b","role":"second","kind":9999,"replay":false,"resumedFromState":false,"Applied":0,"Published":0,"MaxCreatedAt":0}}
{"t_ms":1790724683753,"who":"B","ev":"relay-connected","d":{"url":"wss://nos.lol","ms":111,"attempt":0}}
{"t_ms":1790724683755,"who":"B","ev":"REQ-sent","d":{"url":"wss://nos.lol","since":1790724623}}
{"t_ms":1790724683772,"who":"B","ev":"EOSE","d":{"url":"wss://nos.lol"}}
{"t_ms":1790724684059,"who":"B","ev":"RECV","d":{"relay":"wss://nos.lol","turn":1,"id":"1e9f306bed7a","latency_ms":82,"created_at":1790724683,"expected_next":1}}
{"t_ms":1790724684063,"who":"B","ev":"APPLIED","d":{"turn":1,"hash":"fca266127b82","by":"peer"}}
{"t_ms":1790724684725,"who":"B","ev":"PUBLISHED","d":{"turn":2,"id":"3f1115276c7d502164b7f921dce0957ce93789ed8e5903e8a12b261dc1ba7579","kind":9999,"relaysTried":1,"bytes":989,"ok_ms":342,"results":["ok:true:"]}}
{"t_ms":1790724684727,"who":"B","ev":"APPLIED","d":{"turn":2,"hash":"5f7746cc6a1f","by":"me"}}
{"t_ms":1790724685212,"who":"B","ev":"RECV","d":{"relay":"wss://nos.lol","turn":3,"id":"a9dbd64db771","latency_ms":55,"created_at":1790724685,"expected_next":3}}
{"t_ms":1790724685212,"who":"B","ev":"APPLIED","d":{"turn":3,"hash":"6db611eefe28","by":"peer"}}
{"t_ms":1790724685538,"who":"B","ev":"PUBLISHED","d":{"turn":4,"id":"273835b3c49ec98ba2f8a7d6f59c7ee3d679b97250e37b2adec9c680ba662b59","kind":9999,"relaysTried":1,"bytes":989,"ok_ms":21,"results":["ok:true:"]}}
{"t_ms":1790724685538,"who":"B","ev":"APPLIED","d":{"turn":4,"hash":"84e39aa0b3e0","by":"me"}}
{"t_ms":1790724685538,"who":"B","ev":"SIMULATED-KILL (self kill -9 after publishing turn 4)"}
{"t_ms":1790724691829,"who":"B","ev":"start","d":{"myPub":"2a891a46073422b0470f00c2aa53cd90b33ca824553876de4236e2cd2587673f","peerPub":"c0af47c9f4f27ec06a9ca8f56ab248ae790bc3e2169329076d614102347aca5a","game":"spike-945fc109de1b","role":"second","kind":9999,"replay":false,"resumedFromState":true,"Applied":4,"Published":4,"MaxCreatedAt":1790724685}}
{"t_ms":1790724691944,"who":"B","ev":"relay-connected","d":{"url":"wss://nos.lol","ms":106,"attempt":0}}
{"t_ms":1790724691947,"who":"B","ev":"REQ-sent","d":{"url":"wss://nos.lol","since":1790724655}}
{"t_ms":1790724691988,"who":"B","ev":"RECV","d":{"relay":"wss://nos.lol","turn":5,"id":"04568090db01","latency_ms":6023,"created_at":1790724685,"expected_next":5}}
{"t_ms":1790724691990,"who":"B","ev":"APPLIED","d":{"turn":5,"hash":"fd4f7d70beca","by":"peer"}}
{"t_ms":1790724691992,"who":"B","ev":"RECV","d":{"relay":"wss://nos.lol","turn":3,"id":"a9dbd64db771","latency_ms":6835,"created_at":1790724685,"expected_next":6}}
{"t_ms":1790724691992,"who":"B","ev":"RECV","d":{"relay":"wss://nos.lol","turn":1,"id":"1e9f306bed7a","latency_ms":8030,"created_at":1790724683,"expected_next":6}}
{"t_ms":1790724691993,"who":"B","ev":"EOSE","d":{"url":"wss://nos.lol"}}
{"t_ms":1790724692336,"who":"B","ev":"PUBLISHED","d":{"turn":6,"id":"023ddde7f4dab06755d298cc27213c87d848de473e6c1fe105bbf756dacd6660","kind":9999,"relaysTried":1,"bytes":989,"ok_ms":28,"results":["ok:true:"]}}
{"t_ms":1790724692337,"who":"B","ev":"APPLIED","d":{"turn":6,"hash":"5545ef8e5963","by":"me"}}
{"t_ms":1790724692807,"who":"B","ev":"RECV","d":{"relay":"wss://nos.lol","turn":7,"id":"5ec18539f205","latency_ms":67,"created_at":1790724692,"expected_next":7}}
{"t_ms":1790724692808,"who":"B","ev":"APPLIED","d":{"turn":7,"hash":"fe003e8b8af6","by":"peer"}}
{"t_ms":1790724693134,"who":"B","ev":"PUBLISHED","d":{"turn":8,"id":"2d5681a92879d0530eeffb43c6d842fd0647e0910320616ebc1662c67ee7e64c","kind":9999,"relaysTried":1,"bytes":989,"ok_ms":20,"results":["ok:true:"]}}
{"t_ms":1790724693134,"who":"B","ev":"APPLIED","d":{"turn":8,"hash":"d7b49b20b2ca","by":"me"}}
{"t_ms":1790724693704,"who":"B","ev":"RECV","d":{"relay":"wss://nos.lol","turn":9,"id":"347ad0d659c4","latency_ms":156,"created_at":1790724693,"expected_next":9}}
{"t_ms":1790724693704,"who":"B","ev":"APPLIED","d":{"turn":9,"hash":"7af812500dbd","by":"peer"}}
{"t_ms":1790724694036,"who":"B","ev":"PUBLISHED","d":{"turn":10,"id":"c31314d56f98e84a4e6e5657ae476321e1bf5fed41551687b3279b2ff5db2ca2","kind":9999,"relaysTried":1,"bytes":1078,"ok_ms":19,"results":["ok:true:"]}}
{"t_ms":1790724694036,"who":"B","ev":"APPLIED","d":{"turn":10,"hash":"5a3e9609a4ae","by":"me"}}
{"t_ms":1790724694533,"who":"B","ev":"RECV","d":{"relay":"wss://nos.lol","turn":11,"id":"a1955cb53557","latency_ms":79,"created_at":1790724694,"expected_next":11}}
{"t_ms":1790724694533,"who":"B","ev":"APPLIED","d":{"turn":11,"hash":"6cb6d39521c8","by":"peer"}}
{"t_ms":1790724694865,"who":"B","ev":"PUBLISHED","d":{"turn":12,"id":"250b97b4d8e8310475a7d8c612e3b6db06d90d3c8265967ec87c6187c0cc55b7","kind":9999,"relaysTried":1,"bytes":1078,"ok_ms":21,"results":["ok:true:"]}}
{"t_ms":1790724694865,"who":"B","ev":"APPLIED","d":{"turn":12,"hash":"20b8899be558","by":"me"}}
{"t_ms":1790724694866,"who":"B","ev":"DONE","d":{"Applied":12,"Published":12,"finalHash":"20b8899be55873d2ec8a1886edfb71fbf8256a5c3cc90c5d4d1643bc27da4bb0","arrivalOutOfOrder":2,"dupes":2,"dropped":0}}
