{"t_ms":1790724695093,"who":"B-replay","ev":"start","d":{"myPub":"2a891a46073422b0470f00c2aa53cd90b33ca824553876de4236e2cd2587673f","peerPub":"c0af47c9f4f27ec06a9ca8f56ab248ae790bc3e2169329076d614102347aca5a","game":"spike-945fc109de1b","role":"second","kind":9999,"replay":true,"resumedFromState":false,"Applied":0,"Published":0,"MaxCreatedAt":0}}
{"t_ms":1790724695223,"who":"B-replay","ev":"relay-connected","d":{"url":"wss://nos.lol","ms":108,"attempt":0}}
{"t_ms":1790724695226,"who":"B-replay","ev":"REQ-sent","d":{"url":"wss://nos.lol","since":1790724623}}
{"t_ms":1790724695257,"who":"B-replay","ev":"RECV","d":{"relay":"wss://nos.lol","turn":11,"id":"a1955cb53557","latency_ms":789,"created_at":1790724694,"expected_next":1}}
{"t_ms":1790724695260,"who":"B-replay","ev":"RECV","d":{"relay":"wss://nos.lol","turn":9,"id":"347ad0d659c4","latency_ms":1712,"created_at":1790724693,"expected_next":1}}
{"t_ms":1790724695261,"who":"B-replay","ev":"RECV","d":{"relay":"wss://nos.lol","turn":7,"id":"5ec18539f205","latency_ms":2520,"created_at":1790724692,"expected_next":1}}
{"t_ms":1790724695261,"who":"B-replay","ev":"RECV","d":{"relay":"wss://nos.lol","turn":5,"id":"04568090db01","latency_ms":9309,"created_at":1790724685,"expected_next":1}}
{"t_ms":1790724695261,"who":"B-replay","ev":"RECV","d":{"relay":"wss://nos.lol","turn":3,"id":"a9dbd64db771","latency_ms":10104,"created_at":1790724685,"expected_next":1}}
{"t_ms":1790724695262,"who":"B-replay","ev":"RECV","d":{"relay":"wss://nos.lol","turn":1,"id":"1e9f306bed7a","latency_ms":11299,"created_at":1790724683,"expected_next":1}}
{"t_ms":1790724695262,"who":"B-replay","ev":"APPLIED","d":{"turn":1,"hash":"fca266127b82","by":"peer"}}
{"t_ms":1790724695264,"who":"B-replay","ev":"RECV-OWN (rehydrate)","d":{"relay":"wss://nos.lol","turn":12,"id":"250b97b4d8e8","latency_ms":421,"created_at":1790724694,"expected_next":2}}
{"t_ms":1790724695264,"who":"B-replay","ev":"RECV-OWN (rehydrate)","d":{"relay":"wss://nos.lol","turn":10,"id":"c31314d56f98","latency_ms":1248,"created_at":1790724694,"expected_next":2}}
{"t_ms":1790724695264,"who":"B-replay","ev":"RECV-OWN (rehydrate)","d":{"relay":"wss://nos.lol","turn":8,"id":"2d5681a92879","latency_ms":2151,"created_at":1790724693,"expected_next":2}}
{"t_ms":1790724695264,"who":"B-replay","ev":"RECV-OWN (rehydrate)","d":{"relay":"wss://nos.lol","turn":6,"id":"023ddde7f4da","latency_ms":2959,"created_at":1790724692,"expected_next":2}}
{"t_ms":1790724695265,"who":"B-replay","ev":"RECV-OWN (rehydrate)","d":{"relay":"wss://nos.lol","turn":4,"id":"273835b3c49e","latency_ms":9749,"created_at":1790724685,"expected_next":2}}
{"t_ms":1790724695265,"who":"B-replay","ev":"RECV-OWN (rehydrate)","d":{"relay":"wss://nos.lol","turn":2,"id":"3f1115276c7d","latency_ms":10885,"created_at":1790724684,"expected_next":2}}
{"t_ms":1790724695265,"who":"B-replay","ev":"APPLIED","d":{"turn":2,"hash":"5f7746cc6a1f","by":"me(from relay)"}}
{"t_ms":1790724695265,"who":"B-replay","ev":"APPLIED","d":{"turn":3,"hash":"6db611eefe28","by":"peer"}}
{"t_ms":1790724695265,"who":"B-replay","ev":"APPLIED","d":{"turn":4,"hash":"84e39aa0b3e0","by":"me(from relay)"}}
{"t_ms":1790724695265,"who":"B-replay","ev":"APPLIED","d":{"turn":5,"hash":"fd4f7d70beca","by":"peer"}}
{"t_ms":1790724695265,"who":"B-replay","ev":"APPLIED","d":{"turn":6,"hash":"5545ef8e5963","by":"me(from relay)"}}
{"t_ms":1790724695265,"who":"B-replay","ev":"APPLIED","d":{"turn":7,"hash":"fe003e8b8af6","by":"peer"}}
{"t_ms":1790724695265,"who":"B-replay","ev":"APPLIED","d":{"turn":8,"hash":"d7b49b20b2ca","by":"me(from relay)"}}
{"t_ms":1790724695265,"who":"B-replay","ev":"APPLIED","d":{"turn":9,"hash":"7af812500dbd","by":"peer"}}
{"t_ms":1790724695265,"who":"B-replay","ev":"APPLIED","d":{"turn":10,"hash":"5a3e9609a4ae","by":"me(from relay)"}}
{"t_ms":1790724695265,"who":"B-replay","ev":"APPLIED","d":{"turn":11,"hash":"6cb6d39521c8","by":"peer"}}
{"t_ms":1790724695265,"who":"B-replay","ev":"APPLIED","d":{"turn":12,"hash":"20b8899be558","by":"me(from relay)"}}
{"t_ms":1790724695265,"who":"B-replay","ev":"EOSE","d":{"url":"wss://nos.lol"}}
{"t_ms":1790724695774,"who":"B-replay","ev":"DONE","d":{"Applied":12,"Published":0,"finalHash":"20b8899be55873d2ec8a1886edfb71fbf8256a5c3cc90c5d4d1643bc27da4bb0","arrivalOutOfOrder":10,"dupes":0,"dropped":0}}
